>>> print_square = __import__('4-print_square').print_square

>>> print_square(4)
####
####
####
####
>>> print_square(10)
##########
##########
##########
##########
##########
##########
##########
##########
##########
##########
>>> print_square("h")
Traceback (most recent call last):
...
TypeError: size must be an integer

>>> print_square(5.5)
Traceback (most recent call last):
...
TypeError: size must be an integer

>>> print_square(-1)
Traceback (most recent call last):
...
TypeError: size must be >= 0
